// Jest Snapshot v1, https://goo.gl/fbAQLP

exports[`<BackDrop> should render without crashing 1`] = `""`;
