// Jest Snapshot v1, https://goo.gl/fbAQLP

exports[`<ToggleHandler> should render without crashing 1`] = `
<div>
  <div />
  <div />
  <div />
</div>
`;
