// Jest Snapshot v1, https://goo.gl/fbAQLP

exports[`<HeroBanner> should render without crashing 1`] = `
<ContextConsumer>
  <Component />
</ContextConsumer>
`;
