// Jest Snapshot v1, https://goo.gl/fbAQLP

exports[`<ToolBar> should render without crashing 1`] = `<Connect(NavigationItems) />`;
